---
title: Linux 分区相关
mathjax: true
date: 2020-12-29 00:31:30
updated:
categories:
tags:
urlname: about-linux-partition
---



<!-- more -->



查看分区

```
df -lh
```



查看所有硬盘的分区情况

```
fdisk -l
```



> ls /dev
>
> 然后挂载
>
> df -T 只可以查看已经挂载的分区和文件系统类型。
>
> fdisk -l 可以显示出所有挂载和未挂载的分区，但不显示文件系统类型。
>
> parted -l 可以查看未挂载的文件系统类型，以及哪些分区尚未格式化。
>
> lsblk -f 也可以查看未挂载的文件系统类型。



df

```
[root@1591927352563 dev]# df -lh
Filesystem      Size  Used Avail Use% Mounted on
/dev/vda1       150G   72G   79G  48% /
devtmpfs         24G     0   24G   0% /dev
tmpfs            24G     0   24G   0% /dev/shm
tmpfs            24G   17M   24G   1% /run
tmpfs            24G     0   24G   0% /sys/fs/cgroup
tmpfs           4.8G     0  4.8G   0% /run/user/0
```



```
[root@1591927352563 /]# parted -l
Model: Virtio Block Device (virtblk)
Disk /dev/vda: 161GB
Sector size (logical/physical): 512B/512B
Partition Table: msdos
Disk Flags: 

Number  Start   End    Size   Type     File system  Flags
 1      1049kB  161GB  161GB  primary  xfs          boot


Model: Virtio Block Device (virtblk)
Disk /dev/vdb: 805GB
Sector size (logical/physical): 512B/512B
Partition Table: msdos
Disk Flags: 

Number  Start   End    Size   Type     File system  Flags
 1      1049kB  805GB  805GB  primary  xfs
```



```
[root@1591927352563 /]# fdisk -l
Disk /dev/vda: 161.1 GB, 161061273600 bytes, 314572800 sectors
Units = sectors of 1 * 512 = 512 bytes
Sector size (logical/physical): 512 bytes / 512 bytes
I/O size (minimum/optimal): 512 bytes / 512 bytes
Disk label type: dos
Disk identifier: 0x000b2638

   Device Boot      Start         End      Blocks   Id  System
/dev/vda1   *        2048   314572766   157285359+  83  Linux

Disk /dev/vdb: 805.3 GB, 805306368000 bytes, 1572864000 sectors
Units = sectors of 1 * 512 = 512 bytes
Sector size (logical/physical): 512 bytes / 512 bytes
I/O size (minimum/optimal): 512 bytes / 512 bytes


Disk /dev/mapper/centos-lv0: 536.9 GB, 536870912000 bytes, 1048576000 sectors
Units = sectors of 1 * 512 = 512 bytes
Sector size (logical/physical): 512 bytes / 512 bytes
I/O size (minimum/optimal): 512 bytes / 512 bytes

```



```
[root@1591927352563 /]# lsblk -f
NAME   FSTYPE LABEL UUID                                 MOUNTPOINT
vda                                                      
└─vda1 xfs          de86ba8a-914b-4104-9fd8-f9de800452ea /
vdb                                                      
└─vdb1 xfs          a4be76a3-ddb7-43c4-a7aa-761e9ffbbad5
```



# tmpfs 分区



> tmpfs是建立在内存的虚拟文件系统，默认情况下最大占用内存一半大小的空间



# 扩容

[动态扩容Linux根目录 (解决/dev/mapper/centos-root 占用了过高问题)_u013431916的博客-CSDN博客](https://blog.csdn.net/u013431916/article/details/80548069)

[Linux 根目录爆满 解决(/dev/mapper/centos-root 100%问题)_冷月宫主的专栏-CSDN博客](https://blog.csdn.net/e_wsq/article/details/79531493)





# 挂载分区

```
mount /dev/vdb1  /mnt/disk2
```





# 卸载分区

```
umount /mnt/disk2
```





# 删除分区

先卸载分区



# 格式化为 XFS 分区



```
mkfs.xfs -f /dev/vdb1
```





# 删除文件系统

[wipefs(8) - Linux manual page](https://man7.org/linux/man-pages/man8/wipefs.8.html)

[Linux的wipefs——从设备上擦除文件系统签名-云社区-华为云](https://bbs.huaweicloud.com/blogs/239255)

```
wipefs -a /dev/vdb1
```



# 卷管理



## 创建物理卷

```
pvcreate /dev/vdb
```



## 创建卷组

```
 vgcreate -s 16M centos /dev/vdb
```

创建卷组，PE 大小为 16M





## 创建逻辑卷

```
lvcreate -L 500G -n lv0 centos
```

创建逻辑卷，大小 500G，名称为 lv0，属于 centos 卷组。



## 格式化逻辑卷

在逻辑卷上创建文件系统

```
mkfs.xfs -f /dev/centos/lv0
```



挂载：

```
mount /dev/vdb1  /mnt/new_root
```



复制文件

```
dd if=/dev/vda of=/dev/vdb bs=64K status=progress
```



bs 代表 block size，

[linux - Does the "bs" option in "dd" really improve the speed? - Server Fault](https://serverfault.com/questions/650086/does-the-bs-option-in-dd-really-improve-the-speed)



如果不使用 `status=progress`，可以另起一个 Shell 监控进度

```
watch -n 5 killall -USR1 dd
```



如果是完整复制硬盘，dd 的 if 和 of 都需要是整块硬盘，不能是单个分区。



# 报错



```
Device /dev/vda excluded by a filter
```



根据

```
[root@1591927352563 /]# parted -l
Model: Virtio Block Device (virtblk)
Disk /dev/vda: 161GB
Sector size (logical/physical): 512B/512B
Partition Table: msdos
Disk Flags: 

Number  Start   End    Size   Type     File system  Flags
 1      1049kB  161GB  161GB  primary  xfs          boot


Error: /dev/vdb: unrecognised disk label
Model: Virtio Block Device (virtblk)                                      
Disk /dev/vdb: 805GB
Sector size (logical/physical): 512B/512B
Partition Table: unknown
Disk Flags: 

```

推测 /dev/vda 之前安装的是 Windows 系统，因为 Partition Table 是 msdos



[Fixed : pvcreate Device /dev/mapper/ excluded by a filter. - Linux Windows and android Tutorials](https://www.osradar.com/fixed-pvcreate-device-dev-mapper-excluded-by-a-filter/)

[Device /dev/sdb excluded by a filter_kokostro的博客-CSDN博客](https://blog.csdn.net/lhl3620/article/details/104792408)	



# 系统换硬盘



[CentOS LVM下无感更换硬盘 - 茅草屋](https://www.maxbon.cn/2020/08/01/180.html)





# /dev/vg/xx 和 /dev/mapper/vg-xx 的区别

[linux - LVM Difference in paths for mounts - Super User](https://superuser.com/questions/559360/lvm-difference-in-paths-for-mounts)



```
verified secondary superblock...
writing modified primary superblock
        - reporting progress in intervals of 15 minutes
Phase 2 - using internal log
        - zero log...
ERROR: The filesystem has valuable metadata changes in a log which needs to
be replayed.  Mount the filesystem to replay the log, and unmount it before
re-running xfs_repair.  If you are unable to mount the filesystem, then use
the -L option to destroy the log and attempt a repair.
Note that destroying the log may cause corruption -- please attempt a mount
of the filesystem before doing this.



mount: wrong fs type, bad option, bad superblock on /dev/vdb1,
       missing codepage or helper program, or other error

       In some cases useful info is found in syslog - try
       dmesg | tail or so.

```



# 修改磁盘 uuid

```
[root@1591927352563 ~]# mount /dev/vdb1  /mnt/new_root
mount: wrong fs type, bad option, bad superblock on /dev/vdb1,
       missing codepage or helper program, or other error

       In some cases useful info is found in syslog - try
       dmesg | tail or so
[root@1591927352563 ~]# dmesg
...
[  294.465578]  vdb: vdb1
[  471.370191] XFS (vdb1): Filesystem has duplicate UUID de86ba8a-914b-4104-9fd8-f9de800452ea - can't mount
```

挂载失败原因就是因为分区有相同的 uuid。





[linux下硬盘uuid查看及修改-旋木的技术博客-51CTO博客](https://blog.51cto.com/mrxiong/1392013)

```
[root@1591927352563 ~]# uuidgen | xargs tune2fs /dev/vdb1 -U
tune2fs 1.42.9 (28-Dec-2013)
tune2fs: Bad magic number in super-block while trying to open /dev/vdb1
Couldn't find valid filesystem superblock.
```

原因：tune2fs 不支持 xfs 文件系统。

需要使用：

```
xfs_admin -U generate /dev/vdb1
```



[storage - Use "tune2fs" on XFS filesystem, get "Couldn't find valid filesystem superblock." - Unix & Linux Stack Exchange](https://unix.stackexchange.com/questions/259298/use-tune2fs-on-xfs-filesystem-get-couldnt-find-valid-filesystem-superblock)

[记一次xfs文件系统重复uuid挂载磁盘](https://www.gov-cn.cn/posts/c63c1ddf/)





# 关于 LVM（后续单开文章）

[鸟哥的 Linux 私房菜 -- Quota, Software RAID, LVM, iSCSI](http://cn.linux.vbird.org/linux_basic/0420quota_3.php)

[CentOS 7 LVM逻辑卷管理-iTRunner-奔跑的猿-51CTO博客](https://blog.51cto.com/7308310/2354083)



# 问题

## 修改磁盘分区不生效



```
(parted) mklabel msdos
Error: Partition(s) 1 on /dev/vdb have been written, but we have been unable to inform the kernel of the change, probably because it/they are in use.  As a result, the old partition(s) will remain in use.
You should reboot now before making further changes.
```



1. 可能需要重启 Linux 系统才行。
2. fdisk 要 w 写入才行。



# 参考资料

1. [CentOS 7 安装分区方案_Linux教程_Linux公社-Linux系统门户网站](https://www.linuxidc.com/Linux/2019-04/158216.htm)
2. [Linux查看分区文件系统类型总结 - 潇湘隐者 - 博客园](https://www.cnblogs.com/kerrycode/p/9445608.html)
3. [迁移linux系统到新硬盘 - 知乎](https://zhuanlan.zhihu.com/p/33341983)
4. [Linux 扩容 / 根分区(LVM+非LVM) - 知乎](https://zhuanlan.zhihu.com/p/83340525)
5. [CentOS / RHEL : Converting an Existing Root Filesystem to LVM Partition – The Geek Diary](https://www.thegeekdiary.com/centos-rhel-converting-an-existing-root-filesystem-to-lvm-partition/)
6. [linux - How to reset a Harddisk (delete Mbr & delete Partitions) from the Command Line with a script without rebooting? - Server Fault](https://serverfault.com/questions/749258/how-to-reset-a-harddisk-delete-mbr-delete-partitions-from-the-command-line-w)
